// Jest Snapshot v1, https://goo.gl/fbAQLP

exports[`renders colelction-item without crashing 1`] = `ShallowWrapper {}`;
