// Jest Snapshot v1, https://goo.gl/fbAQLP

exports[`CartIcon component renders CheckoutItem without crashing 1`] = `ShallowWrapper {}`;
