// Jest Snapshot v1, https://goo.gl/fbAQLP

exports[`CollectionsOverview component renders CollectionsOverview without crashing 1`] = `ShallowWrapper {}`;
