// Jest Snapshot v1, https://goo.gl/fbAQLP

exports[`SignIn component renders SignIn component without crashing 1`] = `ShallowWrapper {}`;
