// Jest Snapshot v1, https://goo.gl/fbAQLP

exports[`tests spinner component renders spinner component without crashing 1`] = `ShallowWrapper {}`;
