// Jest Snapshot v1, https://goo.gl/fbAQLP

exports[`FormInput component renders FormInput without crashing 1`] = `ShallowWrapper {}`;
