// Jest Snapshot v1, https://goo.gl/fbAQLP

exports[`MenuItem component renders MenuItem component without crashing 1`] = `ShallowWrapper {}`;
