// Jest Snapshot v1, https://goo.gl/fbAQLP

exports[`Signup component renders signup component without crashing 1`] = `ShallowWrapper {}`;
