// Jest Snapshot v1, https://goo.gl/fbAQLP

exports[`renders cart-icon component without crashing 1`] = `ShallowWrapper {}`;
