// Jest Snapshot v1, https://goo.gl/fbAQLP

exports[`WithSpinner HOC renders withSpinner without crashing 1`] = `ShallowWrapper {}`;
