// Jest Snapshot v1, https://goo.gl/fbAQLP

exports[`CollectionPreview component should render CollectionPreview component without crashing 1`] = `ShallowWrapper {}`;
