// Jest Snapshot v1, https://goo.gl/fbAQLP

exports[`Header component renders Header component without crashing 1`] = `ShallowWrapper {}`;
