// Jest Snapshot v1, https://goo.gl/fbAQLP

exports[`Directory component renders Directory component without crashing 1`] = `ShallowWrapper {}`;
