// Jest Snapshot v1, https://goo.gl/fbAQLP

exports[`CustomButton component renders CustomButton without crashing 1`] = `ShallowWrapper {}`;
