// Jest Snapshot v1, https://goo.gl/fbAQLP

exports[`CartDropdown component renders CartDropdown withour crashing 1`] = `ShallowWrapper {}`;
