// Jest Snapshot v1, https://goo.gl/fbAQLP

exports[`stripe button component renders stripe button component without crashing 1`] = `ShallowWrapper {}`;
