// Jest Snapshot v1, https://goo.gl/fbAQLP

exports[`CartItem component renders CartItem without crashing 1`] = `ShallowWrapper {}`;
